src/api/controllers/observationController.ts(32,1): error TS1185: Merge conflict marker encountered.
src/api/controllers/observationController.ts(61,1): error TS1185: Merge conflict marker encountered.
src/api/controllers/observationController.ts(68,1): error TS1185: Merge conflict marker encountered.
src/api/controllers/observationController.ts(123,1): error TS1185: Merge conflict marker encountered.
src/api/controllers/observationController.ts(133,1): error TS1185: Merge conflict marker encountered.
src/api/controllers/observationController.ts(136,1): error TS1185: Merge conflict marker encountered.
src/api/controllers/observationController.ts(144,1): error TS1185: Merge conflict marker encountered.
src/api/controllers/observationController.ts(158,1): error TS1185: Merge conflict marker encountered.
src/api/controllers/observationController.ts(161,1): error TS1185: Merge conflict marker encountered.
src/api/controllers/observationController.ts(175,1): error TS1185: Merge conflict marker encountered.
src/api/controllers/observationController.ts(198,1): error TS1185: Merge conflict marker encountered.
src/api/controllers/observationController.ts(203,1): error TS1185: Merge conflict marker encountered.
src/api/controllers/observationController.ts(261,1): error TS1185: Merge conflict marker encountered.
src/api/controllers/observationController.ts(263,1): error TS1185: Merge conflict marker encountered.
src/api/controllers/observationController.ts(265,1): error TS1185: Merge conflict marker encountered.
src/api/controllers/observationController.ts(284,1): error TS1185: Merge conflict marker encountered.
src/api/controllers/observationController.ts(290,1): error TS1185: Merge conflict marker encountered.
src/api/controllers/observationController.ts(292,1): error TS1185: Merge conflict marker encountered.
src/api/controllers/observationController.ts(313,1): error TS1185: Merge conflict marker encountered.
src/api/controllers/observationController.ts(339,1): error TS1185: Merge conflict marker encountered.
src/api/controllers/observationController.ts(344,1): error TS1185: Merge conflict marker encountered.
