src/api/controllers/courseEvidenceController.ts(54,51): error TS2339: Property 'email' does not exist on type '{ id: string; role: string; }'.
src/api/controllers/courseEvidenceController.ts(55,49): error TS2339: Property 'fullName' does not exist on type '{ id: string; role: string; }'.
src/api/controllers/documentController.ts(144,22): error TS2322: Type 'string | string[]' is not assignable to type 'string | undefined'.
  Type 'string[]' is not assignable to type 'string'.
src/api/controllers/documentController.ts(156,22): error TS2322: Type 'string | string[]' is not assignable to type 'string | undefined'.
  Type 'string[]' is not assignable to type 'string'.
src/api/controllers/documentController.ts(190,22): error TS2322: Type 'string | string[]' is not assignable to type 'string | undefined'.
  Type 'string[]' is not assignable to type 'string'.
src/api/controllers/documentController.ts(202,22): error TS2322: Type 'string | string[]' is not assignable to type 'string | undefined'.
  Type 'string[]' is not assignable to type 'string'.
src/api/controllers/documentController.ts(223,22): error TS2322: Type 'string | string[]' is not assignable to type 'string | undefined'.
  Type 'string[]' is not assignable to type 'string'.
